// Jest Snapshot v1, https://goo.gl/fbAQLP

exports[`DownloadController should return decoded html tag 1`] = `"3C.64.69.76.20.63.6C.61.73.73.3D.22.76.69.65.77.2D.69.6D.67.22.3E.0A.3C.2F.64.69.76.3E.0A.0D.0A.20.20.20.20.20.20.20.20.20.20.20.20.3C.64.69.76.20.63.6C.61.73.73.3D.22.6B.62.38.62.61.66.37.38.36.34.34.22.3E.0D.0A.0D.0A.20.20.20.20.20.20.20.20.20.20.20.20.20.20.20.20.20.20.20.20.20.20.20.20.20.20.20.20.20.20.20.20.20.20.20.20.20.20.20.20.20.20.20.20.20.20.20.20.3C.69.6D.67.20.73.72.63.3D.22.2F.69.6D.67.2F.6C.6F.61.64.69.6E.67.2D.69.6D.61.67.65.2E.67.69.66.22.20.64.61.74.61.2D.6D.61.36.64.30.33.63.63.38.36.35.3D.22.68.74.74.70.73.3A.2F.2F.69.6D.67.32.2E.6E.65.77.74.6F.6B.69.32.30.2E.6F.72.67.2F.64.61.74.61.2F.66.69.6C.65.2F.63.6F.6D.69.63.2F.34.36.36.34.32.32.2F.34.38.32.35.34.37.2F.77.31.35.37.35.34.39.37.37.30.34.31.39.33.32.5F.35.64.65.38.32.66.65.38.32.66.32.39.38.2E.6A.70.67.22.20.2F.3E.3C.69.6D.67.20.73.72.63.3D.22.2F.69.6D.67.2F.6C.6F.61.64.69.6E.67.2D.69.6D.61.67.65.2E.67.69.66.22.20.64.61.74.61.2D.6D.61.36.64.30.33.63.63.38.36.35.3D.22.68.74.74.70.73.3A.2F.2F.69.6D.67.32.2E.6E.65.77.74.6F.6B.69.32.30.2E.6F.72.67.2F.64.61.74.61.2F.66.69.6C.65.2F.63.6F.6D.69.63.2F.34.36.36.34.32.32.2F.34.38.32.35.34.37.2F.77.31.35.37.35.34.39.37.37.30.34.31.39.34.31.5F.35.64.65.38.32.66.65.38.32.66.36.36.38.2E.6A.70.67.22.20.2F.3E.3C.69.6D.67.20.73.72.63.3D.22.2F.69.6D.67.2F.6C.6F.61.64.69.6E.67.2D.69.6D.61.67.65.2E.67.69.66.22.20.64.61.74.61.2D.6D.61.36.64.30.33.63.63.38.36.35.3D.22.68.74.74.70.73.3A.2F.2F.69.6D.67.32.2E.6E.65.77.74.6F.6B.69.32.30.2E.6F.72.67.2F.64.61.74.61.2F.66.69.6C.65.2F.63.6F.6D.69.63.2F.34.36.36.34.32.32.2F.34.38.32.35.34.37.2F.77.31.35.37.35.34.39.37.37.30.34.31.39.34.38.5F.35.64.65.38.32.66.65.38.32.66.39.30.61.2E.6A.70.67.22.20.2F.3E.3C.69.6D.67.20.73.72.63.3D.22.2F.69.6D.67.2F.6C.6F.61.64.69.6E.67.2D.69.6D.61.67.65.2E.67.69.66.22.20.64.61.74.61.2D.6D.61.36.64.30.33.63.63.38.36.35.3D.22.68.74.74.70.73.3A.2F.2F.69.6D.67.32.2E.6E.65.77.74.6F.6B.69.32.30.2E.6F.72.67.2F.64.61.74.61.2F.66.69.6C.65.2F.63.6F.6D.69.63.2F.34.36.36.34.32.32.2F.34.38.32.35.34.37.2F.77.31.35.37.35.34.39.37.37.30.34.31.39.35.35.5F.35.64.65.38.32.66.65.38.32.66.62.39.31.2E.6A.70.67.22.20.2F.3E.3C.69.6D.67.20.73.72.63.3D.22.2F.69.6D.67.2F.6C.6F.61.64.69.6E.67.2D.69.6D.61.67.65.2E.67.69.66.22.20.64.61.74.61.2D.6D.61.36.64.30.33.63.63.38.36.35.3D.22.68.74.74.70.73.3A.2F.2F.69.6D.67.32.2E.6E.65.77.74.6F.6B.69.32.30.2E.6F.72.67.2F.64.61.74.61.2F.66.69.6C.65.2F.63.6F.6D.69.63.2F.34.36.36.34.32.32.2F.34.38.32.35.34.37.2F.77.31.35.37.35.34.39.37.37.30.34.31.39.36.31.5F.35.64.65.38.32.66.65.38.32.66.65.31.33.2E.6A.70.67.22.20.2F.3E.3C.69.6D.67.20.73.72.63.3D.22.2F.69.6D.67.2F.6C.6F.61.64.69.6E.67.2D.69.6D.61.67.65.2E.67.69.66.22.20.64.61.74.61.2D.6D.61.36.64.30.33.63.63.38.36.35.3D.22.68.74.74.70.73.3A.2F.2F.69.6D.67.32.2E.6E.65.77.74.6F.6B.69.32.30.2E.6F.72.67.2F.64.61.74.61.2F.66.69.6C.65.2F.63.6F.6D.69.63.2F.34.36.36.34.32.32.2F.34.38.32.35.34.37.2F.77.31.35.37.35.34.39.37.37.30.34.31.39.37.5F.35.64.65.38.32.66.65.38.33.30.31.62.32.2E.6A.70.67.22.20.2F.3E.3C.69.6D.67.20.73.72.63.3D.22.2F.69.6D.67.2F.6C.6F.61.64.69.6E.67.2D.69.6D.61.67.65.2E.67.69.66.22.20.64.61.74.61.2D.6D.61.36.64.30.33.63.63.38.36.35.3D.22.68.74.74.70.73.3A.2F.2F.69.6D.67.32.2E.6E.65.77.74.6F.6B.69.32.30.2E.6F.72.67.2F.64.61.74.61.2F.66.69.6C.65.2F.63.6F.6D.69.63.2F.34.36.36.34.32.32.2F.34.38.32.35.34.37.2F.77.31.35.37.35.34.39.37.37.30.34.31.39.37.37.5F.35.64.65.38.32.66.65.38.33.30.34.37.30.2E.6A.70.67.22.20.2F.3E.3C.69.6D.67.20.73.72.63.3D.22.2F.69.6D.67.2F.6C.6F.61.64.69.6E.67.2D.69.6D.61.67.65.2E.67.69.66.22.20.64.61.74.61.2D.6D.61.36.64.30.33.63.63.38.36.35.3D.22.68.74.74.70.73.3A.2F.2F.69.6D.67.32.2E.6E.65.77.74.6F.6B.69.32.30.2E.6F.72.67.2F.64.61.74.61.2F.66.69.6C.65.2F.63.6F.6D.69.63.2F.34.36.36.34.32.32.2F.34.38.32.35.34.37.2F.77.31.35.37.35.34.39.37.37.30.34.31.39.38.34.5F.35.64.65.38.32.66.65.38.33.30.37.35.39.2E.6A.70.67.22.20.2F.3E.3C.69.6D.67.20.73.72.63.3D.22.2F.69.6D.67.2F.6C.6F.61.64.69.6E.67.2D.69.6D.61.67.65.2E.67.69.66.22.20.64.61.74.61.2D.6D.61.36.64.30.33.63.63.38.36.35.3D.22.68.74.74.70.73.3A.2F.2F.69.6D.67.32.2E.6E.65.77.74.6F.6B.69.32.30.2E.6F.72.67.2F.64.61.74.61.2F.66.69.6C.65.2F.63.6F.6D.69.63.2F.34.36.36.34.32.32.2F.34.38.32.35.34.37.2F.77.31.35.37.35.34.39.37.37.30.34.31.39.39.31.5F.35.64.65.38.32.66.65.38.33.30.39.65.63.2E.6A.70.67.22.20.2F.3E.3C.69.6D.67.20.73.72.63.3D.22.2F.69.6D.67.2F.6C.6F.61.64.69.6E.67.2D.69.6D.61.67.65.2E.67.69.66.22.20.64.61.74.61.2D.6D.61.36.64.30.33.63.63.38.36.35.3D.22.68.74.74.70.73.3A.2F.2F.69.6D.67.32.2E.6E.65.77.74.6F.6B.69.32.30.2E.6F.72.67.2F.64.61.74.61.2F.66.69.6C.65.2F.63.6F.6D.69.63.2F.34.36.36.34.32.32.2F.34.38.32.35.34.37.2F.77.31.35.37.35.34.39.37.37.30.34.31.39.39.37.5F.35.64.65.38.32.66.65.38.33.30.63.31.64.2E.6A.70.67.22.20.2F.3E.3C.69.6D.67.20.73.72.63.3D.22.2F.69.6D.67.2F.6C.6F.61.64.69.6E.67.2D.69.6D.61.67.65.2E.67.69.66.22.20.64.61.74.61.2D.6D.61.36.64.30.33.63.63.38.36.35.3D.22.68.74.74.70.73.3A.2F.2F.69.6D.67.32.2E.6E.65.77.74.6F.6B.69.32.30.2E.6F.72.67.2F.64.61.74.61.2F.66.69.6C.65.2F.63.6F.6D.69.63.2F.34.36.36.34.32.32.2F.34.38.32.35.34.37.2F.77.31.35.37.35.34.39.37.37.30.34.32.30.30.33.5F.35.64.65.38.32.66.65.38.33.30.65.38.35.2E.6A.70.67.22.20.2F.3E.3C.69.6D.67.20.73.72.63.3D.22.2F.69.6D.67.2F.6C.6F.61.64.69.6E.67.2D.69.6D.61.67.65.2E.67.69.66.22.20.64.61.74.61.2D.6D.61.36.64.30.33.63.63.38.36.35.3D.22.68.74.74.70.73.3A.2F.2F.69.6D.67.32.2E.6E.65.77.74.6F.6B.69.32.30.2E.6F.72.67.2F.64.61.74.61.2F.66.69.6C.65.2F.63.6F.6D.69.63.2F.34.36.36.34.32.32.2F.34.38.32.35.34.37.2F.77.31.35.37.35.34.39.37.37.30.34.32.30.31.5F.35.64.65.38.32.66.65.38.33.31.31.31.30.2E.6A.70.67.22.20.2F.3E.3C.69.6D.67.20.73.72.63.3D.22.2F.69.6D.67.2F.6C.6F.61.64.69.6E.67.2D.69.6D.61.67.65.2E.67.69.66.22.20.64.61.74.61.2D.6D.61.36.64.30.33.63.63.38.36.35.3D.22.68.74.74.70.73.3A.2F.2F.69.6D.67.32.2E.6E.65.77.74.6F.6B.69.32.30.2E.6F.72.67.2F.64.61.74.61.2F.66.69.6C.65.2F.63.6F.6D.69.63.2F.34.36.36.34.32.32.2F.34.38.32.35.34.37.2F.77.31.35.37.35.34.39.37.37.30.34.32.30.31.35.5F.35.64.65.38.32.66.65.38.33.31.33.32.31.2E.6A.70.67.22.20.2F.3E.3C.69.6D.67.20.73.72.63.3D.22.2F.69.6D.67.2F.6C.6F.61.64.69.6E.67.2D.69.6D.61.67.65.2E.67.69.66.22.20.64.61.74.61.2D.6D.61.36.64.30.33.63.63.38.36.35.3D.22.68.74.74.70.73.3A.2F.2F.69.6D.67.32.2E.6E.65.77.74.6F.6B.69.32.30.2E.6F.72.67.2F.64.61.74.61.2F.66.69.6C.65.2F.63.6F.6D.69.63.2F.34.36.36.34.32.32.2F.34.38.32.35.34.37.2F.77.31.35.37.35.34.39.37.37.30.34.32.30.32.31.5F.35.64.65.38.32.66.65.38.33.31.35.37.36.2E.6A.70.67.22.20.2F.3E.3C.69.6D.67.20.73.72.63.3D.22.2F.69.6D.67.2F.6C.6F.61.64.69.6E.67.2D.69.6D.61.67.65.2E.67.69.66.22.20.64.61.74.61.2D.6D.61.36.64.30.33.63.63.38.36.35.3D.22.68.74.74.70.73.3A.2F.2F.69.6D.67.32.2E.6E.65.77.74.6F.6B.69.32.30.2E.6F.72.67.2F.64.61.74.61.2F.66.69.6C.65.2F.63.6F.6D.69.63.2F.34.36.36.34.32.32.2F.34.38.32.35.34.37.2F.77.31.35.37.35.34.39.37.37.30.34.32.30.32.36.5F.35.64.65.38.32.66.65.38.33.31.37.39.34.2E.6A.70.67.22.20.2F.3E.3C.69.6D.67.20.73.72.63.3D.22.2F.69.6D.67.2F.6C.6F.61.64.69.6E.67.2D.69.6D.61.67.65.2E.67.69.66.22.20.64.61.74.61.2D.6D.61.36.64.30.33.63.63.38.36.35.3D.22.68.74.74.70.73.3A.2F.2F.69.6D.67.32.2E.6E.65.77.74.6F.6B.69.32.30.2E.6F.72.67.2F.64.61.74.61.2F.66.69.6C.65.2F.63.6F.6D.69.63.2F.34.36.36.34.32.32.2F.34.38.32.35.34.37.2F.77.31.35.37.35.34.39.37.37.30.34.32.30.33.32.5F.35.64.65.38.32.66.65.38.33.31.39.63.63.2E.6A.70.67.22.20.2F.3E.3C.69.6D.67.20.73.72.63.3D.22.2F.69.6D.67.2F.6C.6F.61.64.69.6E.67.2D.69.6D.61.67.65.2E.67.69.66.22.20.64.61.74.61.2D.6D.61.36.64.30.33.63.63.38.36.35.3D.22.68.74.74.70.73.3A.2F.2F.69.6D.67.32.2E.6E.65.77.74.6F.6B.69.32.30.2E.6F.72.67.2F.64.61.74.61.2F.66.69.6C.65.2F.63.6F.6D.69.63.2F.34.36.36.34.32.32.2F.34.38.32.35.34.37.2F.77.31.35.37.35.34.39.37.37.30.34.32.30.34.31.5F.35.64.65.38.32.66.65.38.33.31.64.32.62.2E.6A.70.67.22.20.2F.3E.3C.69.6D.67.20.73.72.63.3D.22.2F.69.6D.67.2F.6C.6F.61.64.69.6E.67.2D.69.6D.61.67.65.2E.67.69.66.22.20.64.61.74.61.2D.6D.61.36.64.30.33.63.63.38.36.35.3D.22.68.74.74.70.73.3A.2F.2F.69.6D.67.32.2E.6E.65.77.74.6F.6B.69.32.30.2E.6F.72.67.2F.64.61.74.61.2F.66.69.6C.65.2F.63.6F.6D.69.63.2F.34.36.36.34.32.32.2F.34.38.32.35.34.37.2F.77.31.35.37.35.34.39.37.37.30.34.32.30.35.5F.35.64.65.38.32.66.65.38.33.32.30.65.34.2E.6A.70.67.22.20.2F.3E.3C.69.6D.67.20.73.72.63.3D.22.2F.69.6D.67.2F.6C.6F.61.64.69.6E.67.2D.69.6D.61.67.65.2E.67.69.66.22.20.64.61.74.61.2D.6D.61.36.64.30.33.63.63.38.36.35.3D.22.68.74.74.70.73.3A.2F.2F.69.6D.67.32.2E.6E.65.77.74.6F.6B.69.32.30.2E.6F.72.67.2F.64.61.74.61.2F.66.69.6C.65.2F.63.6F.6D.69.63.2F.34.36.36.34.32.32.2F.34.38.32.35.34.37.2F.77.31.35.37.35.34.39.37.37.30.34.32.30.35.37.5F.35.64.65.38.32.66.65.38.33.32.33.62.30.2E.6A.70.67.22.20.2F.3E.3C.69.6D.67.20.73.72.63.3D.22.2F.69.6D.67.2F.6C.6F.61.64.69.6E.67.2D.69.6D.61.67.65.2E.67.69.66.22.20.64.61.74.61.2D.6D.61.36.64.30.33.63.63.38.36.35.3D.22.68.74.74.70.73.3A.2F.2F.69.6D.67.32.2E.6E.65.77.74.6F.6B.69.32.30.2E.6F.72.67.2F.64.61.74.61.2F.66.69.6C.65.2F.63.6F.6D.69.63.2F.34.36.36.34.32.32.2F.34.38.32.35.34.37.2F.77.31.35.37.35.34.39.37.37.30.34.32.30.36.33.5F.35.64.65.38.32.66.65.38.33.32.36.30.64.2E.6A.70.67.22.20.2F.3E.3C.69.6D.67.20.73.72.63.3D.22.2F.69.6D.67.2F.6C.6F.61.64.69.6E.67.2D.69.6D.61.67.65.2E.67.69.66.22.20.64.61.74.61.2D.6D.61.36.64.30.33.63.63.38.36.35.3D.22.68.74.74.70.73.3A.2F.2F.69.6D.67.32.2E.6E.65.77.74.6F.6B.69.32.30.2E.6F.72.67.2F.64.61.74.61.2F.66.69.6C.65.2F.63.6F.6D.69.63.2F.34.36.36.34.32.32.2F.34.38.32.35.34.37.2F.77.31.35.37.35.34.39.37.37.30.34.32.30.37.5F.35.64.65.38.32.66.65.38.33.32.38.38.37.2E.6A.70.67.22.20.2F.3E.3C.69.6D.67.20.73.72.63.3D.22.2F.69.6D.67.2F.6C.6F.61.64.69.6E.67.2D.69.6D.61.67.65.2E.67.69.66.22.20.64.61.74.61.2D.6D.61.36.64.30.33.63.63.38.36.35.3D.22.68.74.74.70.73.3A.2F.2F.69.6D.67.32.2E.6E.65.77.74.6F.6B.69.32.30.2E.6F.72.67.2F.64.61.74.61.2F.66.69.6C.65.2F.63.6F.6D.69.63.2F.34.36.36.34.32.32.2F.34.38.32.35.34.37.2F.77.31.35.37.35.34.39.37.37.30.34.32.30.37.36.5F.35.64.65.38.32.66.65.38.33.32.61.63.62.2E.6A.70.67.22.20.2F.3E.0D.0A.20.20.20.20.20.20.20.20.20.20.20.20.3C.2F.64.69.76.3E.0D.0A.0D.0A.20.20.20.20.20.20.20.20.20.20.20.20."`;

exports[`DownloadController should return decoded html tag 2`] = `
"<div class="view-img">
</div>

            <div class="kb8baf78644">

                                                <img src="/img/loading-image.gif" data-ma6d03cc865="https://img2.newtoki20.org/data/file/comic/466422/482547/w15754977041932_5de82fe82f298.jpg" /><img src="/img/loading-image.gif" data-ma6d03cc865="https://img2.newtoki20.org/data/file/comic/466422/482547/w15754977041941_5de82fe82f668.jpg" /><img src="/img/loading-image.gif" data-ma6d03cc865="https://img2.newtoki20.org/data/file/comic/466422/482547/w15754977041948_5de82fe82f90a.jpg" /><img src="/img/loading-image.gif" data-ma6d03cc865="https://img2.newtoki20.org/data/file/comic/466422/482547/w15754977041955_5de82fe82fb91.jpg" /><img src="/img/loading-image.gif" data-ma6d03cc865="https://img2.newtoki20.org/data/file/comic/466422/482547/w15754977041961_5de82fe82fe13.jpg" /><img src="/img/loading-image.gif" data-ma6d03cc865="https://img2.newtoki20.org/data/file/comic/466422/482547/w1575497704197_5de82fe8301b2.jpg" /><img src="/img/loading-image.gif" data-ma6d03cc865="https://img2.newtoki20.org/data/file/comic/466422/482547/w15754977041977_5de82fe830470.jpg" /><img src="/img/loading-image.gif" data-ma6d03cc865="https://img2.newtoki20.org/data/file/comic/466422/482547/w15754977041984_5de82fe830759.jpg" /><img src="/img/loading-image.gif" data-ma6d03cc865="https://img2.newtoki20.org/data/file/comic/466422/482547/w15754977041991_5de82fe8309ec.jpg" /><img src="/img/loading-image.gif" data-ma6d03cc865="https://img2.newtoki20.org/data/file/comic/466422/482547/w15754977041997_5de82fe830c1d.jpg" /><img src="/img/loading-image.gif" data-ma6d03cc865="https://img2.newtoki20.org/data/file/comic/466422/482547/w15754977042003_5de82fe830e85.jpg" /><img src="/img/loading-image.gif" data-ma6d03cc865="https://img2.newtoki20.org/data/file/comic/466422/482547/w1575497704201_5de82fe831110.jpg" /><img src="/img/loading-image.gif" data-ma6d03cc865="https://img2.newtoki20.org/data/file/comic/466422/482547/w15754977042015_5de82fe831321.jpg" /><img src="/img/loading-image.gif" data-ma6d03cc865="https://img2.newtoki20.org/data/file/comic/466422/482547/w15754977042021_5de82fe831576.jpg" /><img src="/img/loading-image.gif" data-ma6d03cc865="https://img2.newtoki20.org/data/file/comic/466422/482547/w15754977042026_5de82fe831794.jpg" /><img src="/img/loading-image.gif" data-ma6d03cc865="https://img2.newtoki20.org/data/file/comic/466422/482547/w15754977042032_5de82fe8319cc.jpg" /><img src="/img/loading-image.gif" data-ma6d03cc865="https://img2.newtoki20.org/data/file/comic/466422/482547/w15754977042041_5de82fe831d2b.jpg" /><img src="/img/loading-image.gif" data-ma6d03cc865="https://img2.newtoki20.org/data/file/comic/466422/482547/w1575497704205_5de82fe8320e4.jpg" /><img src="/img/loading-image.gif" data-ma6d03cc865="https://img2.newtoki20.org/data/file/comic/466422/482547/w15754977042057_5de82fe8323b0.jpg" /><img src="/img/loading-image.gif" data-ma6d03cc865="https://img2.newtoki20.org/data/file/comic/466422/482547/w15754977042063_5de82fe83260d.jpg" /><img src="/img/loading-image.gif" data-ma6d03cc865="https://img2.newtoki20.org/data/file/comic/466422/482547/w1575497704207_5de82fe832887.jpg" /><img src="/img/loading-image.gif" data-ma6d03cc865="https://img2.newtoki20.org/data/file/comic/466422/482547/w15754977042076_5de82fe832acb.jpg" />
            </div>

            "
`;

exports[`DownloadController should return parsed text 1`] = `
"

              <div class="view-img">
  </div>

              <div class="ce708b33748">

                                  <h1 style="font-size:36px;">제01화</h1>

  <h2 style="font-size:27px;">01화</h2>


  <p>테스트 문장 1.</p>
  <p>'테스트 문장 2.'</p>
  <p>“테스트 문장 3.”</p>

              </div>

                      "
`;

exports[`DownloadController should return parsed text 2`] = `
"

제01화
01화

테스트 문장 1.

'테스트 문장 2.'

“테스트 문장 3.”

"
`;
